// Jest Snapshot v1, https://goo.gl/fbAQLP

exports[`throws error if 2 components have the same name 1`] = `
"You are trying to hydrate multiple components that have the same fingerprint!
Please provide different names for components or use functional components"
`;
